<?xml version="1.0" encoding="UTF-8"?>
<TestRun id="6be046a0-6403-4a05-81cd-dfff25797808" name="sooding@SOODING-PC 2012-07-21 07:09:11" runUser="sooding-PC\sooding" xmlns="http://microsoft.com/schemas/VisualStudio/TeamTest/2010">
  <TestSettings name="Default Test Settings" id="4c79682f-9e99-453c-9098-3cfb47dfb15f">
    <Deployment runDeploymentRoot="sooding_SOODING-PC 2012-07-21 07_09_11">
      <DeploymentItem filename="C:\Users\sooding\Desktop\MyGrouponDeals\lib\WatiN.Core.dll" />
      <DeploymentItem filename="C:\Users\sooding\Desktop\MyGrouponDeals\lib\TechTalk.SpecFlow.dll" />
      <DeploymentItem filename="C:\Users\sooding\Desktop\MyGrouponDeals\lib\Interop.SHDocVw.dll" />
    </Deployment>
    <Execution>
      <TestTypeSpecific />
      <AgentRule name="Execution Agents">
      </AgentRule>
    </Execution>
  </TestSettings>
  <Times creation="2012-07-21T07:09:11.8443307-07:00" queuing="2012-07-21T07:09:13.1185731-07:00" start="2012-07-21T07:09:13.3960447-07:00" finish="2012-07-21T07:10:03.7016033-07:00" />
  <ResultSummary outcome="Completed">
    <Counters total="1" executed="1" passed="1" error="0" failed="0" timeout="0" aborted="0" inconclusive="0" passedButRunAborted="0" notRunnable="0" notExecuted="0" disconnected="0" warning="0" completed="0" inProgress="0" pending="0" />
  </ResultSummary>
  <TestDefinitions>
    <UnitTest name="SaveAllMyDeals" storage="c:\users\sooding\desktop\mygroupondeals\bin\debug\specflowdemo.acceptancetests.dll" id="281804d4-62dd-8a92-2177-41abb7e1539e">
      <Description>Save all my deals</Description>
      <Execution id="f543b9f5-3e53-4edc-b5c1-5ee904f60a85" />
      <Properties>
        <Property>
          <Key>FeatureTitle</Key>
          <Value>All deals</Value>
        </Property>
      </Properties>
      <TestMethod codeBase="C:/Users/sooding/Desktop/MyGrouponDeals/bin/Debug/SpecFlowDemo.AcceptanceTests.DLL" adapterTypeName="Microsoft.VisualStudio.TestTools.TestTypes.Unit.UnitTestAdapter, Microsoft.VisualStudio.QualityTools.Tips.UnitTest.Adapter, Version=10.0.0.0, Culture=neutral, PublicKeyToken=b03f5f7f11d50a3a" className="GrouponDeals.AcceptanceTests.Features.AllDealsFeature, SpecFlowDemo.AcceptanceTests, Version=1.0.0.0, Culture=neutral, PublicKeyToken=null" name="SaveAllMyDeals" />
    </UnitTest>
  </TestDefinitions>
  <TestLists>
    <TestList name="Results Not in a List" id="8c84fa94-04c1-424b-9868-57a2d4851a1d" />
    <TestList name="All Loaded Results" id="19431567-8539-422a-85d7-44ee4e166bda" />
  </TestLists>
  <TestEntries>
    <TestEntry testId="281804d4-62dd-8a92-2177-41abb7e1539e" executionId="f543b9f5-3e53-4edc-b5c1-5ee904f60a85" testListId="8c84fa94-04c1-424b-9868-57a2d4851a1d" />
  </TestEntries>
  <Results>
    <UnitTestResult executionId="f543b9f5-3e53-4edc-b5c1-5ee904f60a85" testId="281804d4-62dd-8a92-2177-41abb7e1539e" testName="SaveAllMyDeals" computerName="SOODING-PC" duration="00:00:46.5722369" startTime="2012-07-21T07:09:13.6909187-07:00" endTime="2012-07-21T07:10:03.1804533-07:00" testType="13cdc9d9-ddb5-4fa4-a97d-d965ccfc6d4b" outcome="Passed" testListId="8c84fa94-04c1-424b-9868-57a2d4851a1d" relativeResultsDirectory="f543b9f5-3e53-4edc-b5c1-5ee904f60a85">
      <Output>
        <StdOut>Given I am on the home page
-&gt; done: GetDeals.given_i_am_on_the_home_page() (21.7s)
When I click the Sign In link
-&gt; done: GetDeals.when_i_click_the_link("Sign In") (3.8s)
Then I should be on the login page
-&gt; done: GetDeals.Ishouldbeontheloginpage() (0.0s)
When I enter my email and password
-&gt; done: GetDeals.WhenIEnterMyUsernameAndPassword() (0.2s)
When I press the commit button
-&gt; done: GetDeals.when_i_press_the_button("commit") (6.1s)
Then I should be logged in
-&gt; done: GetDeals.Ishouldbeloggedin() (0.5s)
When I click the All Deals link
-&gt; done: GetDeals.when_i_click_the_link("All Deals") (5.6s)
Then I should be able to store all my deals in AllMyDeals file
-&gt; done: GetDeals.store_all_deals("AllMyDeals") (7.4s)</StdOut>
      </Output>
    </UnitTestResult>
  </Results>
</TestRun>